// Jest Snapshot v1, https://goo.gl/fbAQLP

exports[`matches snapshot 1`] = `
<div>
  <div
    class="Todo"
  >
    <div>
      <b>
        test-todo
      </b>
       
      <small
        id="priority"
      >
        1
      </small>
    </div>
    <div>
      <small>
        test-description
      </small>
    </div>
  </div>
</div>
`;
